everything is awesome: PASS

nothing is bad: PASS

